11:34:00 **** Incremental Build of configuration Debug for project 32_2_julia_disable_fpu ****
make -j16 all 
arm-none-eabi-gcc "../Core/Src/main.c" -mcpu=cortex-m4 -std=gnu11 -g3 -DDEBUG -DUSE_HAL_DRIVER -DSTM32F407xx -c -I../Core/Inc -I../../../libraries/Drivers/STM32F4xx_HAL_Driver/Inc -I../../../libraries/Drivers/STM32F4xx_HAL_Driver/Inc/Legacy -I../../../libraries/Drivers/CMSIS/Device/ST/STM32F4xx/Include -I../../../libraries/Drivers/CMSIS/Include -I../../../libraries/Drivers/SYSTEM -I../BSP/LED -I../BSP/KEY -I../BSP/LCD -I../Drivers/STM32F4xx_HAL_Driver/Inc -I../Drivers/STM32F4xx_HAL_Driver/Inc/Legacy -I../Drivers/CMSIS/Device/ST/STM32F4xx/Include -I../Drivers/CMSIS/Include -O0 -ffunction-sections -fdata-sections -Wall -fstack-usage -fcyclomatic-complexity -MMD -MP -MF"Core/Src/main.d" -MT"Core/Src/main.o" --specs=nano.specs -mfpu=fpv4-sp-d16 -mfloat-abi=soft -mthumb -o "Core/Src/main.o"
arm-none-eabi-gcc "../Core/Src/tim.c" -mcpu=cortex-m4 -std=gnu11 -g3 -DDEBUG -DUSE_HAL_DRIVER -DSTM32F407xx -c -I../Core/Inc -I../../../libraries/Drivers/STM32F4xx_HAL_Driver/Inc -I../../../libraries/Drivers/STM32F4xx_HAL_Driver/Inc/Legacy -I../../../libraries/Drivers/CMSIS/Device/ST/STM32F4xx/Include -I../../../libraries/Drivers/CMSIS/Include -I../../../libraries/Drivers/SYSTEM -I../BSP/LED -I../BSP/KEY -I../BSP/LCD -I../Drivers/STM32F4xx_HAL_Driver/Inc -I../Drivers/STM32F4xx_HAL_Driver/Inc/Legacy -I../Drivers/CMSIS/Device/ST/STM32F4xx/Include -I../Drivers/CMSIS/Include -O0 -ffunction-sections -fdata-sections -Wall -fstack-usage -fcyclomatic-complexity -MMD -MP -MF"Core/Src/tim.d" -MT"Core/Src/tim.o" --specs=nano.specs -mfpu=fpv4-sp-d16 -mfloat-abi=soft -mthumb -o "Core/Src/tim.o"
../Core/Src/main.c: In function 'main':
../Core/Src/main.c:208:3: warning: implicit declaration of function 'lcd_show_string' [-Wimplicit-function-declaration]
  208 |   lcd_show_string(30, 50, 200, 16, 16, "STM32", RED);
      |   ^~~~~~~~~~~~~~~
arm-none-eabi-gcc -o "32_2_julia_disable_fpu.elf" @"objects.list"   -mcpu=cortex-m4 -T"F:\m144-m4-mini-board-stm32f407\example\32_2_julia_disable_fpu\STM32F407ZGTX_FLASH.ld" --specs=nosys.specs -Wl,-Map="32_2_julia_disable_fpu.map" -Wl,--gc-sections -static --specs=nano.specs -mfpu=fpv4-sp-d16 -mfloat-abi=soft -mthumb -u _printf_float -Wl,--start-group -lc -lm -Wl,--end-group
Finished building target: 32_2_julia_disable_fpu.elf
 
arm-none-eabi-size  32_2_julia_disable_fpu.elf 
arm-none-eabi-objdump -h -S 32_2_julia_disable_fpu.elf  > "32_2_julia_disable_fpu.list"
arm-none-eabi-objcopy  -O ihex 32_2_julia_disable_fpu.elf  "32_2_julia_disable_fpu.hex"
arm-none-eabi-objcopy  -O binary 32_2_julia_disable_fpu.elf  "32_2_julia_disable_fpu.bin"
   text	   data	    bss	    dec	    hex	filename
  63524	    484	   2644	  66652	  1045c	32_2_julia_disable_fpu.elf
Finished building: default.size.stdout
 
Finished building: 32_2_julia_disable_fpu.hex
Finished building: 32_2_julia_disable_fpu.bin
Finished building: 32_2_julia_disable_fpu.list
 
 
 

11:34:03 Build Finished. 0 errors, 1 warnings. (took 3s.424ms)

